Collecting alpaca-py==0.43.4
  Downloading alpaca_py-0.43.4-py3-none-any.whl (122 kB)
     ━━━━━━━━━━━━━━━━━━━━━━━━━━━━━━━━━━━━━━━ 122.5/122.5 KB 1.9 MB/s eta 0:00:00
Collecting pandas==2.3.3
  Downloading pandas-2.3.3-cp310-cp310-manylinux_2_24_x86_64.manylinux_2_28_x86_64.whl (12.8 MB)
     ━━━━━━━━━━━━━━━━━━━━━━━━━━━━━━━━━━━━━━━━ 12.8/12.8 MB 1.2 MB/s eta 0:00:00
Collecting numpy==2.2.6
  Downloading numpy-2.2.6-cp310-cp310-manylinux_2_17_x86_64.manylinux2014_x86_64.whl (16.8 MB)
     ━━━━━━━━━━━━━━━━━━━━━━━━━━━━━━━━━━━━━━━━ 16.8/16.8 MB 1.3 MB/s eta 0:00:00
Collecting python-dotenv==1.2.2
  Downloading python_dotenv-1.2.2-py3-none-any.whl (22 kB)
Collecting ta==0.11.0
  Downloading ta-0.11.0.tar.gz (25 kB)
  Preparing metadata (setup.py): started
  Preparing metadata (setup.py): finished with status 'done'
Collecting tzdata==2026.2
  Downloading tzdata-2026.2-py2.py3-none-any.whl (349 kB)
     ━━━━━━━━━━━━━━━━━━━━━━━━━━━━━━━━━━━━━━━ 349.3/349.3 KB 1.3 MB/s eta 0:00:00
Collecting msgpack<2.0.0,>=1.0.3
  Downloading msgpack-1.2.2-cp310-cp310-manylinux2014_x86_64.manylinux_2_17_x86_64.manylinux_2_28_x86_64.whl (407 kB)
     ━━━━━━━━━━━━━━━━━━━━━━━━━━━━━━━━━━━━━━━ 407.2/407.2 KB 1.3 MB/s eta 0:00:00
Collecting sseclient-py<2.0.0,>=1.7.2
  Downloading sseclient_py-1.9.0-py3-none-any.whl (8.4 kB)
Collecting pydantic<3.0.0,>=2.0.3
  Downloading pydantic-2.13.5-py3-none-any.whl (472 kB)
     ━━━━━━━━━━━━━━━━━━━━━━━━━━━━━━━━━━━━━━━ 472.6/472.6 KB 1.2 MB/s eta 0:00:00
Collecting websockets>=10.4
  Downloading websockets-16.1.1-cp310-cp310-manylinux1_x86_64.manylinux_2_28_x86_64.manylinux_2_5_x86_64.whl (186 kB)
     ━━━━━━━━━━━━━━━━━━━━━━━━━━━━━━━━━━━━━━━ 186.0/186.0 KB 1.0 MB/s eta 0:00:00
Collecting requests<3.0.0,>=2.30.0
  Downloading requests-2.34.2-py3-none-any.whl (73 kB)
     ━━━━━━━━━━━━━━━━━━━━━━━━━━━━━━━━━━━━━━━━ 73.1/73.1 KB 2.1 MB/s eta 0:00:00
Collecting pytz>=2020.1
  Downloading pytz-2026.3.post1-py2.py3-none-any.whl (508 kB)
     ━━━━━━━━━━━━━━━━━━━━━━━━━━━━━━━━━━━━━━━ 508.3/508.3 KB 1.0 MB/s eta 0:00:00
Collecting python-dateutil>=2.8.2
  Downloading python_dateutil-2.9.0.post0-py2.py3-none-any.whl (229 kB)
     ━━━━━━━━━━━━━━━━━━━━━━━━━━━━━━━━━━━━━━━ 229.9/229.9 KB 1.0 MB/s eta 0:00:00
Collecting typing-inspection>=0.4.2
  Downloading typing_inspection-0.4.4-py3-none-any.whl (14 kB)
Collecting pydantic-core==2.46.5
  Downloading pydantic_core-2.46.5-cp310-cp310-manylinux_2_17_x86_64.manylinux2014_x86_64.whl (2.1 MB)
     ━━━━━━━━━━━━━━━━━━━━━━━━━━━━━━━━━━━━━━━━ 2.1/2.1 MB 744.8 kB/s eta 0:00:00
Collecting typing-extensions>=4.14.1
  Downloading typing_extensions-4.16.0-py3-none-any.whl (45 kB)
     ━━━━━━━━━━━━━━━━━━━━━━━━━━━━━━━━━━━━━━━━ 45.6/45.6 KB 1.3 MB/s eta 0:00:00
Collecting annotated-types>=0.6.0
  Downloading annotated_types-0.8.0-py3-none-any.whl (13 kB)
Collecting six>=1.5
  Downloading six-1.17.0-py2.py3-none-any.whl (11 kB)
Collecting urllib3<3,>=1.26
  Downloading urllib3-2.8.0-py3-none-any.whl (135 kB)
     ━━━━━━━━━━━━━━━━━━━━━━━━━━━━━━━━━━━━━ 135.7/135.7 KB 800.0 kB/s eta 0:00:00
Collecting idna<4,>=2.5
  Downloading idna-3.19-py3-none-any.whl (68 kB)
     ━━━━━━━━━━━━━━━━━━━━━━━━━━━━━━━━━━━━━━━ 68.5/68.5 KB 918.1 kB/s eta 0:00:00
Collecting charset_normalizer<4,>=2
  Downloading charset_normalizer-3.5.1-cp310-cp310-manylinux2014_x86_64.manylinux_2_17_x86_64.manylinux_2_28_x86_64.whl (261 kB)
     ━━━━━━━━━━━━━━━━━━━━━━━━━━━━━━━━━━━━━━━ 261.6/261.6 KB 1.0 MB/s eta 0:00:00
Collecting certifi>=2023.5.7
  Downloading certifi-2026.7.22-py3-none-any.whl (136 kB)
     ━━━━━━━━━━━━━━━━━━━━━━━━━━━━━━━━━━━━━━━ 137.0/137.0 KB 1.0 MB/s eta 0:00:00
Using legacy 'setup.py install' for ta, since package 'wheel' is not installed.
Installing collected packages: pytz, websockets, urllib3, tzdata, typing-extensions, sseclient-py, six, python-dotenv, numpy, msgpack, idna, charset_normalizer, certifi, annotated-types, typing-inspection, requests, python-dateutil, pydantic-core, pydantic, pandas, ta, alpaca-py
  Running setup.py install for ta: started
  Running setup.py install for ta: finished with status 'done'
Successfully installed alpaca-py-0.43.4 annotated-types-0.8.0 certifi-2026.7.22 charset_normalizer-3.5.1 idna-3.19 msgpack-1.2.2 numpy-2.2.6 pandas-2.3.3 pydantic-2.13.5 pydantic-core-2.46.5 python-dateutil-2.9.0.post0 python-dotenv-1.2.2 pytz-2026.3.post1 requests-2.34.2 six-1.17.0 sseclient-py-1.9.0 ta-0.11.0 typing-extensions-4.16.0 typing-inspection-0.4.4 tzdata-2026.2 urllib3-2.8.0 websockets-16.1.1
No broken requirements found.
